// Jest Snapshot v1, https://goo.gl/fbAQLP

exports[`DisplayName should render text 1`] = `
<div>
  Welcome 
  Patel
  !
</div>
`;
